
AVRASM ver. 2.1.30  C:\Users\Mohamed\Desktop\code_vision_projects\trail eeprom\Debug\List\trail eeprom.asm Sun Dec 12 21:38:21 2021

C:\Users\Mohamed\Desktop\code_vision_projects\trail eeprom\Debug\List\trail eeprom.asm(1087): warning: Register r5 already defined by the .DEF directive
C:\Users\Mohamed\Desktop\code_vision_projects\trail eeprom\Debug\List\trail eeprom.asm(1088): warning: Register r4 already defined by the .DEF directive
C:\Users\Mohamed\Desktop\code_vision_projects\trail eeprom\Debug\List\trail eeprom.asm(1089): warning: Register r7 already defined by the .DEF directive
C:\Users\Mohamed\Desktop\code_vision_projects\trail eeprom\Debug\List\trail eeprom.asm(1090): warning: Register r6 already defined by the .DEF directive
C:\Users\Mohamed\Desktop\code_vision_projects\trail eeprom\Debug\List\trail eeprom.asm(1091): warning: Register r9 already defined by the .DEF directive
                 
                 
                 ;CodeVisionAVR C Compiler V3.14 Advanced
                 ;(C) Copyright 1998-2014 Pavel Haiduc, HP InfoTech s.r.l.
                 ;http://www.hpinfotech.com
                 
                 ;Build configuration    : Debug
                 ;Chip type              : ATmega32A
                 ;Program type           : Application
                 ;Clock frequency        : 11.059200 MHz
                 ;Memory model           : Small
                 ;Optimize for           : Size
                 ;(s)printf features     : int, width
                 ;(s)scanf features      : int, width
                 ;External RAM size      : 0
                 ;Data Stack size        : 512 byte(s)
                 ;Heap size              : 0 byte(s)
                 ;Promote 'char' to 'int': Yes
                 ;'char' is unsigned     : Yes
                 ;8 bit enums            : Yes
                 ;Global 'const' stored in FLASH: Yes
                 ;Enhanced function parameter passing: Yes
                 ;Enhanced core instructions: On
                 ;Automatic register allocation for global variables: On
                 ;Smart register allocation: On
                 
                 	#define _MODEL_SMALL_
                 
                 	#pragma AVRPART ADMIN PART_NAME ATmega32A
                 	#pragma AVRPART MEMORY PROG_FLASH 32768
                 	#pragma AVRPART MEMORY EEPROM 1024
                 	#pragma AVRPART MEMORY INT_SRAM SIZE 2048
                 	#pragma AVRPART MEMORY INT_SRAM START_ADDR 0x60
                 
                 	#define CALL_SUPPORTED 1
                 
                 	.LISTMAC
                 	.EQU UDRE=0x5
                 	.EQU RXC=0x7
                 	.EQU USR=0xB
                 	.EQU UDR=0xC
                 	.EQU SPSR=0xE
                 	.EQU SPDR=0xF
                 	.EQU EERE=0x0
                 	.EQU EEWE=0x1
                 	.EQU EEMWE=0x2
                 	.EQU EECR=0x1C
                 	.EQU EEDR=0x1D
                 	.EQU EEARL=0x1E
                 	.EQU EEARH=0x1F
                 	.EQU WDTCR=0x21
                 	.EQU MCUCR=0x35
                 	.EQU SPL=0x3D
                 	.EQU SPH=0x3E
                 	.EQU SREG=0x3F
                 
                 	.DEF R0X0=R0
                 	.DEF R0X1=R1
                 	.DEF R0X2=R2
                 	.DEF R0X3=R3
                 	.DEF R0X4=R4
                 	.DEF R0X5=R5
                 	.DEF R0X6=R6
                 	.DEF R0X7=R7
                 	.DEF R0X8=R8
                 	.DEF R0X9=R9
                 	.DEF R0XA=R10
                 	.DEF R0XB=R11
                 	.DEF R0XC=R12
                 	.DEF R0XD=R13
                 	.DEF R0XE=R14
                 	.DEF R0XF=R15
                 	.DEF R0X10=R16
                 	.DEF R0X11=R17
                 	.DEF R0X12=R18
                 	.DEF R0X13=R19
                 	.DEF R0X14=R20
                 	.DEF R0X15=R21
                 	.DEF R0X16=R22
                 	.DEF R0X17=R23
                 	.DEF R0X18=R24
                 	.DEF R0X19=R25
                 	.DEF R0X1A=R26
                 	.DEF R0X1B=R27
                 	.DEF R0X1C=R28
                 	.DEF R0X1D=R29
                 	.DEF R0X1E=R30
                 	.DEF R0X1F=R31
                 
                 	.EQU __SRAM_START=0x0060
                 	.EQU __SRAM_END=0x085F
                 	.EQU __DSTACK_SIZE=0x0200
                 	.EQU __HEAP_SIZE=0x0000
                 	.EQU __CLEAR_SRAM_SIZE=__SRAM_END-__SRAM_START+1
                 
                 	.MACRO __CPD1N
                 	CPI  R30,LOW(@0)
                 	LDI  R26,HIGH(@0)
                 	CPC  R31,R26
                 	LDI  R26,BYTE3(@0)
                 	CPC  R22,R26
                 	LDI  R26,BYTE4(@0)
                 	CPC  R23,R26
                 	.ENDM
                 
                 	.MACRO __CPD2N
                 	CPI  R26,LOW(@0)
                 	LDI  R30,HIGH(@0)
                 	CPC  R27,R30
                 	LDI  R30,BYTE3(@0)
                 	CPC  R24,R30
                 	LDI  R30,BYTE4(@0)
                 	CPC  R25,R30
                 	.ENDM
                 
                 	.MACRO __CPWRR
                 	CP   R@0,R@2
                 	CPC  R@1,R@3
                 	.ENDM
                 
                 	.MACRO __CPWRN
                 	CPI  R@0,LOW(@2)
                 	LDI  R30,HIGH(@2)
                 	CPC  R@1,R30
                 	.ENDM
                 
                 	.MACRO __ADDB1MN
                 	SUBI R30,LOW(-@0-(@1))
                 	.ENDM
                 
                 	.MACRO __ADDB2MN
                 	SUBI R26,LOW(-@0-(@1))
                 	.ENDM
                 
                 	.MACRO __ADDW1MN
                 	SUBI R30,LOW(-@0-(@1))
                 	SBCI R31,HIGH(-@0-(@1))
                 	.ENDM
                 
                 	.MACRO __ADDW2MN
                 	SUBI R26,LOW(-@0-(@1))
                 	SBCI R27,HIGH(-@0-(@1))
                 	.ENDM
                 
                 	.MACRO __ADDW1FN
                 	SUBI R30,LOW(-2*@0-(@1))
                 	SBCI R31,HIGH(-2*@0-(@1))
                 	.ENDM
                 
                 	.MACRO __ADDD1FN
                 	SUBI R30,LOW(-2*@0-(@1))
                 	SBCI R31,HIGH(-2*@0-(@1))
                 	SBCI R22,BYTE3(-2*@0-(@1))
                 	.ENDM
                 
                 	.MACRO __ADDD1N
                 	SUBI R30,LOW(-@0)
                 	SBCI R31,HIGH(-@0)
                 	SBCI R22,BYTE3(-@0)
                 	SBCI R23,BYTE4(-@0)
                 	.ENDM
                 
                 	.MACRO __ADDD2N
                 	SUBI R26,LOW(-@0)
                 	SBCI R27,HIGH(-@0)
                 	SBCI R24,BYTE3(-@0)
                 	SBCI R25,BYTE4(-@0)
                 	.ENDM
                 
                 	.MACRO __SUBD1N
                 	SUBI R30,LOW(@0)
                 	SBCI R31,HIGH(@0)
                 	SBCI R22,BYTE3(@0)
                 	SBCI R23,BYTE4(@0)
                 	.ENDM
                 
                 	.MACRO __SUBD2N
                 	SUBI R26,LOW(@0)
                 	SBCI R27,HIGH(@0)
                 	SBCI R24,BYTE3(@0)
                 	SBCI R25,BYTE4(@0)
                 	.ENDM
                 
                 	.MACRO __ANDBMNN
                 	LDS  R30,@0+(@1)
                 	ANDI R30,LOW(@2)
                 	STS  @0+(@1),R30
                 	.ENDM
                 
                 	.MACRO __ANDWMNN
                 	LDS  R30,@0+(@1)
                 	ANDI R30,LOW(@2)
                 	STS  @0+(@1),R30
                 	LDS  R30,@0+(@1)+1
                 	ANDI R30,HIGH(@2)
                 	STS  @0+(@1)+1,R30
                 	.ENDM
                 
                 	.MACRO __ANDD1N
                 	ANDI R30,LOW(@0)
                 	ANDI R31,HIGH(@0)
                 	ANDI R22,BYTE3(@0)
                 	ANDI R23,BYTE4(@0)
                 	.ENDM
                 
                 	.MACRO __ANDD2N
                 	ANDI R26,LOW(@0)
                 	ANDI R27,HIGH(@0)
                 	ANDI R24,BYTE3(@0)
                 	ANDI R25,BYTE4(@0)
                 	.ENDM
                 
                 	.MACRO __ORBMNN
                 	LDS  R30,@0+(@1)
                 	ORI  R30,LOW(@2)
                 	STS  @0+(@1),R30
                 	.ENDM
                 
                 	.MACRO __ORWMNN
                 	LDS  R30,@0+(@1)
                 	ORI  R30,LOW(@2)
                 	STS  @0+(@1),R30
                 	LDS  R30,@0+(@1)+1
                 	ORI  R30,HIGH(@2)
                 	STS  @0+(@1)+1,R30
                 	.ENDM
                 
                 	.MACRO __ORD1N
                 	ORI  R30,LOW(@0)
                 	ORI  R31,HIGH(@0)
                 	ORI  R22,BYTE3(@0)
                 	ORI  R23,BYTE4(@0)
                 	.ENDM
                 
                 	.MACRO __ORD2N
                 	ORI  R26,LOW(@0)
                 	ORI  R27,HIGH(@0)
                 	ORI  R24,BYTE3(@0)
                 	ORI  R25,BYTE4(@0)
                 	.ENDM
                 
                 	.MACRO __DELAY_USB
                 	LDI  R24,LOW(@0)
                 __DELAY_USB_LOOP:
                 	DEC  R24
                 	BRNE __DELAY_USB_LOOP
                 	.ENDM
                 
                 	.MACRO __DELAY_USW
                 	LDI  R24,LOW(@0)
                 	LDI  R25,HIGH(@0)
                 __DELAY_USW_LOOP:
                 	SBIW R24,1
                 	BRNE __DELAY_USW_LOOP
                 	.ENDM
                 
                 	.MACRO __GETD1S
                 	LDD  R30,Y+@0
                 	LDD  R31,Y+@0+1
                 	LDD  R22,Y+@0+2
                 	LDD  R23,Y+@0+3
                 	.ENDM
                 
                 	.MACRO __GETD2S
                 	LDD  R26,Y+@0
                 	LDD  R27,Y+@0+1
                 	LDD  R24,Y+@0+2
                 	LDD  R25,Y+@0+3
                 	.ENDM
                 
                 	.MACRO __PUTD1S
                 	STD  Y+@0,R30
                 	STD  Y+@0+1,R31
                 	STD  Y+@0+2,R22
                 	STD  Y+@0+3,R23
                 	.ENDM
                 
                 	.MACRO __PUTD2S
                 	STD  Y+@0,R26
                 	STD  Y+@0+1,R27
                 	STD  Y+@0+2,R24
                 	STD  Y+@0+3,R25
                 	.ENDM
                 
                 	.MACRO __PUTDZ2
                 	STD  Z+@0,R26
                 	STD  Z+@0+1,R27
                 	STD  Z+@0+2,R24
                 	STD  Z+@0+3,R25
                 	.ENDM
                 
                 	.MACRO __CLRD1S
                 	STD  Y+@0,R30
                 	STD  Y+@0+1,R30
                 	STD  Y+@0+2,R30
                 	STD  Y+@0+3,R30
                 	.ENDM
                 
                 	.MACRO __POINTB1MN
                 	LDI  R30,LOW(@0+(@1))
                 	.ENDM
                 
                 	.MACRO __POINTW1MN
                 	LDI  R30,LOW(@0+(@1))
                 	LDI  R31,HIGH(@0+(@1))
                 	.ENDM
                 
                 	.MACRO __POINTD1M
                 	LDI  R30,LOW(@0)
                 	LDI  R31,HIGH(@0)
                 	LDI  R22,BYTE3(@0)
                 	LDI  R23,BYTE4(@0)
                 	.ENDM
                 
                 	.MACRO __POINTW1FN
                 	LDI  R30,LOW(2*@0+(@1))
                 	LDI  R31,HIGH(2*@0+(@1))
                 	.ENDM
                 
                 	.MACRO __POINTD1FN
                 	LDI  R30,LOW(2*@0+(@1))
                 	LDI  R31,HIGH(2*@0+(@1))
                 	LDI  R22,BYTE3(2*@0+(@1))
                 	LDI  R23,BYTE4(2*@0+(@1))
                 	.ENDM
                 
                 	.MACRO __POINTB2MN
                 	LDI  R26,LOW(@0+(@1))
                 	.ENDM
                 
                 	.MACRO __POINTW2MN
                 	LDI  R26,LOW(@0+(@1))
                 	LDI  R27,HIGH(@0+(@1))
                 	.ENDM
                 
                 	.MACRO __POINTW2FN
                 	LDI  R26,LOW(2*@0+(@1))
                 	LDI  R27,HIGH(2*@0+(@1))
                 	.ENDM
                 
                 	.MACRO __POINTD2FN
                 	LDI  R26,LOW(2*@0+(@1))
                 	LDI  R27,HIGH(2*@0+(@1))
                 	LDI  R24,BYTE3(2*@0+(@1))
                 	LDI  R25,BYTE4(2*@0+(@1))
                 	.ENDM
                 
                 	.MACRO __POINTBRM
                 	LDI  R@0,LOW(@1)
                 	.ENDM
                 
                 	.MACRO __POINTWRM
                 	LDI  R@0,LOW(@2)
                 	LDI  R@1,HIGH(@2)
                 	.ENDM
                 
                 	.MACRO __POINTBRMN
                 	LDI  R@0,LOW(@1+(@2))
                 	.ENDM
                 
                 	.MACRO __POINTWRMN
                 	LDI  R@0,LOW(@2+(@3))
                 	LDI  R@1,HIGH(@2+(@3))
                 	.ENDM
                 
                 	.MACRO __POINTWRFN
                 	LDI  R@0,LOW(@2*2+(@3))
                 	LDI  R@1,HIGH(@2*2+(@3))
                 	.ENDM
                 
                 	.MACRO __GETD1N
                 	LDI  R30,LOW(@0)
                 	LDI  R31,HIGH(@0)
                 	LDI  R22,BYTE3(@0)
                 	LDI  R23,BYTE4(@0)
                 	.ENDM
                 
                 	.MACRO __GETD2N
                 	LDI  R26,LOW(@0)
                 	LDI  R27,HIGH(@0)
                 	LDI  R24,BYTE3(@0)
                 	LDI  R25,BYTE4(@0)
                 	.ENDM
                 
                 	.MACRO __GETB1MN
                 	LDS  R30,@0+(@1)
                 	.ENDM
                 
                 	.MACRO __GETB1HMN
                 	LDS  R31,@0+(@1)
                 	.ENDM
                 
                 	.MACRO __GETW1MN
                 	LDS  R30,@0+(@1)
                 	LDS  R31,@0+(@1)+1
                 	.ENDM
                 
                 	.MACRO __GETD1MN
                 	LDS  R30,@0+(@1)
                 	LDS  R31,@0+(@1)+1
                 	LDS  R22,@0+(@1)+2
                 	LDS  R23,@0+(@1)+3
                 	.ENDM
                 
                 	.MACRO __GETBRMN
                 	LDS  R@0,@1+(@2)
                 	.ENDM
                 
                 	.MACRO __GETWRMN
                 	LDS  R@0,@2+(@3)
                 	LDS  R@1,@2+(@3)+1
                 	.ENDM
                 
                 	.MACRO __GETWRZ
                 	LDD  R@0,Z+@2
                 	LDD  R@1,Z+@2+1
                 	.ENDM
                 
                 	.MACRO __GETD2Z
                 	LDD  R26,Z+@0
                 	LDD  R27,Z+@0+1
                 	LDD  R24,Z+@0+2
                 	LDD  R25,Z+@0+3
                 	.ENDM
                 
                 	.MACRO __GETB2MN
                 	LDS  R26,@0+(@1)
                 	.ENDM
                 
                 	.MACRO __GETW2MN
                 	LDS  R26,@0+(@1)
                 	LDS  R27,@0+(@1)+1
                 	.ENDM
                 
                 	.MACRO __GETD2MN
                 	LDS  R26,@0+(@1)
                 	LDS  R27,@0+(@1)+1
                 	LDS  R24,@0+(@1)+2
                 	LDS  R25,@0+(@1)+3
                 	.ENDM
                 
                 	.MACRO __PUTB1MN
                 	STS  @0+(@1),R30
                 	.ENDM
                 
                 	.MACRO __PUTW1MN
                 	STS  @0+(@1),R30
                 	STS  @0+(@1)+1,R31
                 	.ENDM
                 
                 	.MACRO __PUTD1MN
                 	STS  @0+(@1),R30
                 	STS  @0+(@1)+1,R31
                 	STS  @0+(@1)+2,R22
                 	STS  @0+(@1)+3,R23
                 	.ENDM
                 
                 	.MACRO __PUTB1EN
                 	LDI  R26,LOW(@0+(@1))
                 	LDI  R27,HIGH(@0+(@1))
                 	CALL __EEPROMWRB
                 	.ENDM
                 
                 	.MACRO __PUTW1EN
                 	LDI  R26,LOW(@0+(@1))
                 	LDI  R27,HIGH(@0+(@1))
                 	CALL __EEPROMWRW
                 	.ENDM
                 
                 	.MACRO __PUTD1EN
                 	LDI  R26,LOW(@0+(@1))
                 	LDI  R27,HIGH(@0+(@1))
                 	CALL __EEPROMWRD
                 	.ENDM
                 
                 	.MACRO __PUTBR0MN
                 	STS  @0+(@1),R0
                 	.ENDM
                 
                 	.MACRO __PUTBMRN
                 	STS  @0+(@1),R@2
                 	.ENDM
                 
                 	.MACRO __PUTWMRN
                 	STS  @0+(@1),R@2
                 	STS  @0+(@1)+1,R@3
                 	.ENDM
                 
                 	.MACRO __PUTBZR
                 	STD  Z+@1,R@0
                 	.ENDM
                 
                 	.MACRO __PUTWZR
                 	STD  Z+@2,R@0
                 	STD  Z+@2+1,R@1
                 	.ENDM
                 
                 	.MACRO __GETW1R
                 	MOV  R30,R@0
                 	MOV  R31,R@1
                 	.ENDM
                 
                 	.MACRO __GETW2R
                 	MOV  R26,R@0
                 	MOV  R27,R@1
                 	.ENDM
                 
                 	.MACRO __GETWRN
                 	LDI  R@0,LOW(@2)
                 	LDI  R@1,HIGH(@2)
                 	.ENDM
                 
                 	.MACRO __PUTW1R
                 	MOV  R@0,R30
                 	MOV  R@1,R31
                 	.ENDM
                 
                 	.MACRO __PUTW2R
                 	MOV  R@0,R26
                 	MOV  R@1,R27
                 	.ENDM
                 
                 	.MACRO __ADDWRN
                 	SUBI R@0,LOW(-@2)
                 	SBCI R@1,HIGH(-@2)
                 	.ENDM
                 
                 	.MACRO __ADDWRR
                 	ADD  R@0,R@2
                 	ADC  R@1,R@3
                 	.ENDM
                 
                 	.MACRO __SUBWRN
                 	SUBI R@0,LOW(@2)
                 	SBCI R@1,HIGH(@2)
                 	.ENDM
                 
                 	.MACRO __SUBWRR
                 	SUB  R@0,R@2
                 	SBC  R@1,R@3
                 	.ENDM
                 
                 	.MACRO __ANDWRN
                 	ANDI R@0,LOW(@2)
                 	ANDI R@1,HIGH(@2)
                 	.ENDM
                 
                 	.MACRO __ANDWRR
                 	AND  R@0,R@2
                 	AND  R@1,R@3
                 	.ENDM
                 
                 	.MACRO __ORWRN
                 	ORI  R@0,LOW(@2)
                 	ORI  R@1,HIGH(@2)
                 	.ENDM
                 
                 	.MACRO __ORWRR
                 	OR   R@0,R@2
                 	OR   R@1,R@3
                 	.ENDM
                 
                 	.MACRO __EORWRR
                 	EOR  R@0,R@2
                 	EOR  R@1,R@3
                 	.ENDM
                 
                 	.MACRO __GETWRS
                 	LDD  R@0,Y+@2
                 	LDD  R@1,Y+@2+1
                 	.ENDM
                 
                 	.MACRO __PUTBSR
                 	STD  Y+@1,R@0
                 	.ENDM
                 
                 	.MACRO __PUTWSR
                 	STD  Y+@2,R@0
                 	STD  Y+@2+1,R@1
                 	.ENDM
                 
                 	.MACRO __MOVEWRR
                 	MOV  R@0,R@2
                 	MOV  R@1,R@3
                 	.ENDM
                 
                 	.MACRO __INWR
                 	IN   R@0,@2
                 	IN   R@1,@2+1
                 	.ENDM
                 
                 	.MACRO __OUTWR
                 	OUT  @2+1,R@1
                 	OUT  @2,R@0
                 	.ENDM
                 
                 	.MACRO __CALL1MN
                 	LDS  R30,@0+(@1)
                 	LDS  R31,@0+(@1)+1
                 	ICALL
                 	.ENDM
                 
                 	.MACRO __CALL1FN
                 	LDI  R30,LOW(2*@0+(@1))
                 	LDI  R31,HIGH(2*@0+(@1))
                 	CALL __GETW1PF
                 	ICALL
                 	.ENDM
                 
                 	.MACRO __CALL2EN
                 	PUSH R26
                 	PUSH R27
                 	LDI  R26,LOW(@0+(@1))
                 	LDI  R27,HIGH(@0+(@1))
                 	CALL __EEPROMRDW
                 	POP  R27
                 	POP  R26
                 	ICALL
                 	.ENDM
                 
                 	.MACRO __CALL2EX
                 	SUBI R26,LOW(-@0)
                 	SBCI R27,HIGH(-@0)
                 	CALL __EEPROMRDD
                 	ICALL
                 	.ENDM
                 
                 	.MACRO __GETW1STACK
                 	IN   R30,SPL
                 	IN   R31,SPH
                 	ADIW R30,@0+1
                 	LD   R0,Z+
                 	LD   R31,Z
                 	MOV  R30,R0
                 	.ENDM
                 
                 	.MACRO __GETD1STACK
                 	IN   R30,SPL
                 	IN   R31,SPH
                 	ADIW R30,@0+1
                 	LD   R0,Z+
                 	LD   R1,Z+
                 	LD   R22,Z
                 	MOVW R30,R0
                 	.ENDM
                 
                 	.MACRO __NBST
                 	BST  R@0,@1
                 	IN   R30,SREG
                 	LDI  R31,0x40
                 	EOR  R30,R31
                 	OUT  SREG,R30
                 	.ENDM
                 
                 
                 	.MACRO __PUTB1SN
                 	LDD  R26,Y+@0
                 	LDD  R27,Y+@0+1
                 	SUBI R26,LOW(-@1)
                 	SBCI R27,HIGH(-@1)
                 	ST   X,R30
                 	.ENDM
                 
                 	.MACRO __PUTW1SN
                 	LDD  R26,Y+@0
                 	LDD  R27,Y+@0+1
                 	SUBI R26,LOW(-@1)
                 	SBCI R27,HIGH(-@1)
                 	ST   X+,R30
                 	ST   X,R31
                 	.ENDM
                 
                 	.MACRO __PUTD1SN
                 	LDD  R26,Y+@0
                 	LDD  R27,Y+@0+1
                 	SUBI R26,LOW(-@1)
                 	SBCI R27,HIGH(-@1)
                 	CALL __PUTDP1
                 	.ENDM
                 
                 	.MACRO __PUTB1SNS
                 	LDD  R26,Y+@0
                 	LDD  R27,Y+@0+1
                 	ADIW R26,@1
                 	ST   X,R30
                 	.ENDM
                 
                 	.MACRO __PUTW1SNS
                 	LDD  R26,Y+@0
                 	LDD  R27,Y+@0+1
                 	ADIW R26,@1
                 	ST   X+,R30
                 	ST   X,R31
                 	.ENDM
                 
                 	.MACRO __PUTD1SNS
                 	LDD  R26,Y+@0
                 	LDD  R27,Y+@0+1
                 	ADIW R26,@1
                 	CALL __PUTDP1
                 	.ENDM
                 
                 	.MACRO __PUTB1PMN
                 	LDS  R26,@0
                 	LDS  R27,@0+1
                 	SUBI R26,LOW(-@1)
                 	SBCI R27,HIGH(-@1)
                 	ST   X,R30
                 	.ENDM
                 
                 	.MACRO __PUTW1PMN
                 	LDS  R26,@0
                 	LDS  R27,@0+1
                 	SUBI R26,LOW(-@1)
                 	SBCI R27,HIGH(-@1)
                 	ST   X+,R30
                 	ST   X,R31
                 	.ENDM
                 
                 	.MACRO __PUTD1PMN
                 	LDS  R26,@0
                 	LDS  R27,@0+1
                 	SUBI R26,LOW(-@1)
                 	SBCI R27,HIGH(-@1)
                 	CALL __PUTDP1
                 	.ENDM
                 
                 	.MACRO __PUTB1PMNS
                 	LDS  R26,@0
                 	LDS  R27,@0+1
                 	ADIW R26,@1
                 	ST   X,R30
                 	.ENDM
                 
                 	.MACRO __PUTW1PMNS
                 	LDS  R26,@0
                 	LDS  R27,@0+1
                 	ADIW R26,@1
                 	ST   X+,R30
                 	ST   X,R31
                 	.ENDM
                 
                 	.MACRO __PUTD1PMNS
                 	LDS  R26,@0
                 	LDS  R27,@0+1
                 	ADIW R26,@1
                 	CALL __PUTDP1
                 	.ENDM
                 
                 	.MACRO __PUTB1RN
                 	MOVW R26,R@0
                 	SUBI R26,LOW(-@1)
                 	SBCI R27,HIGH(-@1)
                 	ST   X,R30
                 	.ENDM
                 
                 	.MACRO __PUTW1RN
                 	MOVW R26,R@0
                 	SUBI R26,LOW(-@1)
                 	SBCI R27,HIGH(-@1)
                 	ST   X+,R30
                 	ST   X,R31
                 	.ENDM
                 
                 	.MACRO __PUTD1RN
                 	MOVW R26,R@0
                 	SUBI R26,LOW(-@1)
                 	SBCI R27,HIGH(-@1)
                 	CALL __PUTDP1
                 	.ENDM
                 
                 	.MACRO __PUTB1RNS
                 	MOVW R26,R@0
                 	ADIW R26,@1
                 	ST   X,R30
                 	.ENDM
                 
                 	.MACRO __PUTW1RNS
                 	MOVW R26,R@0
                 	ADIW R26,@1
                 	ST   X+,R30
                 	ST   X,R31
                 	.ENDM
                 
                 	.MACRO __PUTD1RNS
                 	MOVW R26,R@0
                 	ADIW R26,@1
                 	CALL __PUTDP1
                 	.ENDM
                 
                 	.MACRO __PUTB1RON
                 	MOV  R26,R@0
                 	MOV  R27,R@1
                 	SUBI R26,LOW(-@2)
                 	SBCI R27,HIGH(-@2)
                 	ST   X,R30
                 	.ENDM
                 
                 	.MACRO __PUTW1RON
                 	MOV  R26,R@0
                 	MOV  R27,R@1
                 	SUBI R26,LOW(-@2)
                 	SBCI R27,HIGH(-@2)
                 	ST   X+,R30
                 	ST   X,R31
                 	.ENDM
                 
                 	.MACRO __PUTD1RON
                 	MOV  R26,R@0
                 	MOV  R27,R@1
                 	SUBI R26,LOW(-@2)
                 	SBCI R27,HIGH(-@2)
                 	CALL __PUTDP1
                 	.ENDM
                 
                 	.MACRO __PUTB1RONS
                 	MOV  R26,R@0
                 	MOV  R27,R@1
                 	ADIW R26,@2
                 	ST   X,R30
                 	.ENDM
                 
                 	.MACRO __PUTW1RONS
                 	MOV  R26,R@0
                 	MOV  R27,R@1
                 	ADIW R26,@2
                 	ST   X+,R30
                 	ST   X,R31
                 	.ENDM
                 
                 	.MACRO __PUTD1RONS
                 	MOV  R26,R@0
                 	MOV  R27,R@1
                 	ADIW R26,@2
                 	CALL __PUTDP1
                 	.ENDM
                 
                 
                 	.MACRO __GETB1SX
                 	MOVW R30,R28
                 	SUBI R30,LOW(-@0)
                 	SBCI R31,HIGH(-@0)
                 	LD   R30,Z
                 	.ENDM
                 
                 	.MACRO __GETB1HSX
                 	MOVW R30,R28
                 	SUBI R30,LOW(-@0)
                 	SBCI R31,HIGH(-@0)
                 	LD   R31,Z
                 	.ENDM
                 
                 	.MACRO __GETW1SX
                 	MOVW R30,R28
                 	SUBI R30,LOW(-@0)
                 	SBCI R31,HIGH(-@0)
                 	LD   R0,Z+
                 	LD   R31,Z
                 	MOV  R30,R0
                 	.ENDM
                 
                 	.MACRO __GETD1SX
                 	MOVW R30,R28
                 	SUBI R30,LOW(-@0)
                 	SBCI R31,HIGH(-@0)
                 	LD   R0,Z+
                 	LD   R1,Z+
                 	LD   R22,Z+
                 	LD   R23,Z
                 	MOVW R30,R0
                 	.ENDM
                 
                 	.MACRO __GETB2SX
                 	MOVW R26,R28
                 	SUBI R26,LOW(-@0)
                 	SBCI R27,HIGH(-@0)
                 	LD   R26,X
                 	.ENDM
                 
                 	.MACRO __GETW2SX
                 	MOVW R26,R28
                 	SUBI R26,LOW(-@0)
                 	SBCI R27,HIGH(-@0)
                 	LD   R0,X+
                 	LD   R27,X
                 	MOV  R26,R0
                 	.ENDM
                 
                 	.MACRO __GETD2SX
                 	MOVW R26,R28
                 	SUBI R26,LOW(-@0)
                 	SBCI R27,HIGH(-@0)
                 	LD   R0,X+
                 	LD   R1,X+
                 	LD   R24,X+
                 	LD   R25,X
                 	MOVW R26,R0
                 	.ENDM
                 
                 	.MACRO __GETBRSX
                 	MOVW R30,R28
                 	SUBI R30,LOW(-@1)
                 	SBCI R31,HIGH(-@1)
                 	LD   R@0,Z
                 	.ENDM
                 
                 	.MACRO __GETWRSX
                 	MOVW R30,R28
                 	SUBI R30,LOW(-@2)
                 	SBCI R31,HIGH(-@2)
                 	LD   R@0,Z+
                 	LD   R@1,Z
                 	.ENDM
                 
                 	.MACRO __GETBRSX2
                 	MOVW R26,R28
                 	SUBI R26,LOW(-@1)
                 	SBCI R27,HIGH(-@1)
                 	LD   R@0,X
                 	.ENDM
                 
                 	.MACRO __GETWRSX2
                 	MOVW R26,R28
                 	SUBI R26,LOW(-@2)
                 	SBCI R27,HIGH(-@2)
                 	LD   R@0,X+
                 	LD   R@1,X
                 	.ENDM
                 
                 	.MACRO __LSLW8SX
                 	MOVW R30,R28
                 	SUBI R30,LOW(-@0)
                 	SBCI R31,HIGH(-@0)
                 	LD   R31,Z
                 	CLR  R30
                 	.ENDM
                 
                 	.MACRO __PUTB1SX
                 	MOVW R26,R28
                 	SUBI R26,LOW(-@0)
                 	SBCI R27,HIGH(-@0)
                 	ST   X,R30
                 	.ENDM
                 
                 	.MACRO __PUTW1SX
                 	MOVW R26,R28
                 	SUBI R26,LOW(-@0)
                 	SBCI R27,HIGH(-@0)
                 	ST   X+,R30
                 	ST   X,R31
                 	.ENDM
                 
                 	.MACRO __PUTD1SX
                 	MOVW R26,R28
                 	SUBI R26,LOW(-@0)
                 	SBCI R27,HIGH(-@0)
                 	ST   X+,R30
                 	ST   X+,R31
                 	ST   X+,R22
                 	ST   X,R23
                 	.ENDM
                 
                 	.MACRO __CLRW1SX
                 	MOVW R26,R28
                 	SUBI R26,LOW(-@0)
                 	SBCI R27,HIGH(-@0)
                 	ST   X+,R30
                 	ST   X,R30
                 	.ENDM
                 
                 	.MACRO __CLRD1SX
                 	MOVW R26,R28
                 	SUBI R26,LOW(-@0)
                 	SBCI R27,HIGH(-@0)
                 	ST   X+,R30
                 	ST   X+,R30
                 	ST   X+,R30
                 	ST   X,R30
                 	.ENDM
                 
                 	.MACRO __PUTB2SX
                 	MOVW R30,R28
                 	SUBI R30,LOW(-@0)
                 	SBCI R31,HIGH(-@0)
                 	ST   Z,R26
                 	.ENDM
                 
                 	.MACRO __PUTW2SX
                 	MOVW R30,R28
                 	SUBI R30,LOW(-@0)
                 	SBCI R31,HIGH(-@0)
                 	ST   Z+,R26
                 	ST   Z,R27
                 	.ENDM
                 
                 	.MACRO __PUTD2SX
                 	MOVW R30,R28
                 	SUBI R30,LOW(-@0)
                 	SBCI R31,HIGH(-@0)
                 	ST   Z+,R26
                 	ST   Z+,R27
                 	ST   Z+,R24
                 	ST   Z,R25
                 	.ENDM
                 
                 	.MACRO __PUTBSRX
                 	MOVW R30,R28
                 	SUBI R30,LOW(-@1)
                 	SBCI R31,HIGH(-@1)
                 	ST   Z,R@0
                 	.ENDM
                 
                 	.MACRO __PUTWSRX
                 	MOVW R30,R28
                 	SUBI R30,LOW(-@2)
                 	SBCI R31,HIGH(-@2)
                 	ST   Z+,R@0
                 	ST   Z,R@1
                 	.ENDM
                 
                 	.MACRO __PUTB1SNX
                 	MOVW R26,R28
                 	SUBI R26,LOW(-@0)
                 	SBCI R27,HIGH(-@0)
                 	LD   R0,X+
                 	LD   R27,X
                 	MOV  R26,R0
                 	SUBI R26,LOW(-@1)
                 	SBCI R27,HIGH(-@1)
                 	ST   X,R30
                 	.ENDM
                 
                 	.MACRO __PUTW1SNX
                 	MOVW R26,R28
                 	SUBI R26,LOW(-@0)
                 	SBCI R27,HIGH(-@0)
                 	LD   R0,X+
                 	LD   R27,X
                 	MOV  R26,R0
                 	SUBI R26,LOW(-@1)
                 	SBCI R27,HIGH(-@1)
                 	ST   X+,R30
                 	ST   X,R31
                 	.ENDM
                 
                 	.MACRO __PUTD1SNX
                 	MOVW R26,R28
                 	SUBI R26,LOW(-@0)
                 	SBCI R27,HIGH(-@0)
                 	LD   R0,X+
                 	LD   R27,X
                 	MOV  R26,R0
                 	SUBI R26,LOW(-@1)
                 	SBCI R27,HIGH(-@1)
                 	ST   X+,R30
                 	ST   X+,R31
                 	ST   X+,R22
                 	ST   X,R23
                 	.ENDM
                 
                 	.MACRO __MULBRR
                 	MULS R@0,R@1
                 	MOVW R30,R0
                 	.ENDM
                 
                 	.MACRO __MULBRRU
                 	MUL  R@0,R@1
                 	MOVW R30,R0
                 	.ENDM
                 
                 	.MACRO __MULBRR0
                 	MULS R@0,R@1
                 	.ENDM
                 
                 	.MACRO __MULBRRU0
                 	MUL  R@0,R@1
                 	.ENDM
                 
                 	.MACRO __MULBNWRU
                 	LDI  R26,@2
                 	MUL  R26,R@0
                 	MOVW R30,R0
                 	MUL  R26,R@1
                 	ADD  R31,R0
                 	.ENDM
                 
                 ;NAME DEFINITIONS FOR GLOBAL VARIABLES ALLOCATED TO REGISTERS
                 	.DEF _counter1=R5
                 	.DEF _password_count=R4
                 	.DEF _test=R7
                 	.DEF _temp=R6
                 	.DEF _i=R9
                 
                 	.CSEG
                 	.ORG 0x00
                 
                 ;START OF CODE MARKER
                 __START_OF_CODE:
                 
                 ;INTERRUPT VECTORS
000000 940c 0036 	JMP  __RESET
000002 940c 0000 	JMP  0x00
000004 940c 0000 	JMP  0x00
000006 940c 0000 	JMP  0x00
000008 940c 0000 	JMP  0x00
00000a 940c 0000 	JMP  0x00
00000c 940c 0000 	JMP  0x00
00000e 940c 0000 	JMP  0x00
000010 940c 0000 	JMP  0x00
000012 940c 0000 	JMP  0x00
000014 940c 0000 	JMP  0x00
000016 940c 0000 	JMP  0x00
000018 940c 0000 	JMP  0x00
00001a 940c 0000 	JMP  0x00
00001c 940c 0000 	JMP  0x00
00001e 940c 0000 	JMP  0x00
000020 940c 0000 	JMP  0x00
000022 940c 0000 	JMP  0x00
000024 940c 0000 	JMP  0x00
000026 940c 0000 	JMP  0x00
000028 940c 0000 	JMP  0x00
                 
                 ;GLOBAL REGISTER VARIABLES INITIALIZATION
                 __REG_VARS:
00002a 0006
00002b 0100      	.DB  0x6,0x0,0x0,0x1
00002c 0000      	.DB  0x0,0x0
                 
                 _0x3:
00002d 0101
C:\Users\Mohamed\Desktop\code_vision_projects\trail eeprom\Debug\List\trail eeprom.asm(1128): warning: .cseg .db misalignment - padding zero byte
00002e 0001      	.DB  0x1,0x1,0x1
                 
                 __GLOBAL_INI_TBL:
00002f 0006      	.DW  0x06
000030 0004      	.DW  0x04
000031 0054      	.DW  __REG_VARS*2
                 
000032 0003      	.DW  0x03
000033 0260      	.DW  _password
000034 005a      	.DW  _0x3*2
                 
                 _0xFFFFFFFF:
000035 0000      	.DW  0
                 
                 #define __GLOBAL_INI_TBL_PRESENT 1
                 
                 __RESET:
000036 94f8      	CLI
000037 27ee      	CLR  R30
000038 bbec      	OUT  EECR,R30
                 
                 ;INTERRUPT VECTORS ARE PLACED
                 ;AT THE START OF FLASH
000039 e0f1      	LDI  R31,1
00003a bff5      	OUT  MCUCR,R31
00003b bfe5      	OUT  MCUCR,R30
                 
                 ;CLEAR R2-R14
00003c e08d      	LDI  R24,(14-2)+1
00003d e0a2      	LDI  R26,2
00003e 27bb      	CLR  R27
                 __CLEAR_REG:
00003f 93ed      	ST   X+,R30
000040 958a      	DEC  R24
000041 f7e9      	BRNE __CLEAR_REG
                 
                 ;CLEAR SRAM
000042 e080      	LDI  R24,LOW(__CLEAR_SRAM_SIZE)
000043 e098      	LDI  R25,HIGH(__CLEAR_SRAM_SIZE)
000044 e6a0      	LDI  R26,__SRAM_START
                 __CLEAR_SRAM:
000045 93ed      	ST   X+,R30
000046 9701      	SBIW R24,1
000047 f7e9      	BRNE __CLEAR_SRAM
                 
                 ;GLOBAL VARIABLES INITIALIZATION
000048 e5ee      	LDI  R30,LOW(__GLOBAL_INI_TBL*2)
000049 e0f0      	LDI  R31,HIGH(__GLOBAL_INI_TBL*2)
                 __GLOBAL_INI_NEXT:
00004a 9185      	LPM  R24,Z+
00004b 9195      	LPM  R25,Z+
00004c 9700      	SBIW R24,0
00004d f061      	BREQ __GLOBAL_INI_END
00004e 91a5      	LPM  R26,Z+
00004f 91b5      	LPM  R27,Z+
000050 9005      	LPM  R0,Z+
000051 9015      	LPM  R1,Z+
000052 01bf      	MOVW R22,R30
000053 01f0      	MOVW R30,R0
                 __GLOBAL_INI_LOOP:
000054 9005      	LPM  R0,Z+
000055 920d      	ST   X+,R0
000056 9701      	SBIW R24,1
000057 f7e1      	BRNE __GLOBAL_INI_LOOP
000058 01fb      	MOVW R30,R22
000059 cff0      	RJMP __GLOBAL_INI_NEXT
                 __GLOBAL_INI_END:
                 
                 ;HARDWARE STACK POINTER INITIALIZATION
00005a e5ef      	LDI  R30,LOW(__SRAM_END-__HEAP_SIZE)
00005b bfed      	OUT  SPL,R30
00005c e0e8      	LDI  R30,HIGH(__SRAM_END-__HEAP_SIZE)
00005d bfee      	OUT  SPH,R30
                 
                 ;DATA STACK POINTER INITIALIZATION
00005e e6c0      	LDI  R28,LOW(__SRAM_START+__DSTACK_SIZE)
00005f e0d2      	LDI  R29,HIGH(__SRAM_START+__DSTACK_SIZE)
                 
000060 940c 0084 	JMP  _main
                 
                 	.ESEG
                 	.ORG 0
                 
                 	.DSEG
                 	.ORG 0x260
                 
                 	.CSEG
                 ;/*******************************************************
                 ;This program was created by the
                 ;CodeWizardAVR V3.14 Advanced
                 ;Automatic Program Generator
                 ;© Copyright 1998-2014 Pavel Haiduc, HP InfoTech s.r.l.
                 ;http://www.hpinfotech.com
                 ;
                 ;Project : Password_Module_Trail_0
                 ;Version : 0
                 ;Date    : 11/15/2021
                 ;Author  : Mohamed Ibrahem
                 ;Company : Home
                 ;Comments:
                 ;NO COMMENT
                 ;
                 ;
                 ;Chip type               : ATmega32A
                 ;Program type            : Application
                 ;AVR Core Clock frequency: 11.059200 MHz
                 ;Memory model            : Small
                 ;External RAM size       : 0
                 ;Data Stack size         : 512
                 ;*******************************************************/
                 ;
                 ;#include <mega32a.h>
                 	#ifndef __SLEEP_DEFINED__
                 	#define __SLEEP_DEFINED__
                 	.EQU __se_bit=0x80
                 	.EQU __sm_mask=0x70
                 	.EQU __sm_powerdown=0x20
                 	.EQU __sm_powersave=0x30
                 	.EQU __sm_standby=0x60
                 	.EQU __sm_ext_standby=0x70
                 	.EQU __sm_adc_noise_red=0x10
                 	.SET power_ctrl_reg=mcucr
                 	#endif
                 ;
                 ;#include <delay.h>
                 ;#define LED_GREEN PORTB.0
                 ;#define LED_RED   PORTB.1
                 ;
                 ;#define BUTTON1 PINA.0
                 ;#define BUTTON2 PINA.1
                 ;#define BUTTON3 PINA.2
                 ;
                 ;#define ON  1
                 ;#define OFF 0
                 ;
                 ;char counter1 = 0;
                 ;char password_count = 6;
                 ;char password [password_count]  = {1,1,1,0,0,0} ;
                 
                 	.DSEG
                 ;char entered [password_count]   = {0,0,0,0,0,0} ;
                 ;
                 ;//char new_pasword [password_count]   = {0,0,0,0,0,0} ;
                 ;
                 ;char test=1;
                 ;char temp=0;
                 ;
                 ;char i=0;
                 ;
                 ;#define SET_BIT(VAR,BIT) VAR |= (1<<BIT)
                 ;#define CLR_BIT(VAR,BIT) VAR &= (~(1<<BIT))
                 ;#define TOG_BIT(VAR,BIT) VAR ^= (1<<BIT)
                 ;#define GET_BIT(VAR,BIT) ((VAR>>BIT)&1)
                 ;
                 ;
                 ;void EEPRom_Write(short address , char data){
                 ; 0000 0038 void EEPRom_Write(short address , char data){
                 
                 	.CSEG
                 _EEPRom_Write:
                 ; .FSTART _EEPRom_Write
                 ; 0000 0039     EEARL = (char) address;
000062 93aa      	ST   -Y,R26
                 ;	address -> Y+1
                 ;	data -> Y+0
000063 81e9      	LDD  R30,Y+1
000064 bbee      	OUT  0x1E,R30
                 ; 0000 003A     EEARH = (char) address >> 8;
000065 81a9      	LDD  R26,Y+1
000066 e0e8      	LDI  R30,LOW(8)
000067 940e 0178 	CALL __LSRB12
000069 bbef      	OUT  0x1F,R30
                 ; 0000 003B     EEDR = data;
00006a 81e8      	LD   R30,Y
00006b bbed      	OUT  0x1D,R30
                 ; 0000 003C     SET_BIT (EECR , EEMWE);
00006c 9ae2      	SBI  0x1C,2
                 ; 0000 003D     SET_BIT (EECR , EEWE);
00006d 9ae1      	SBI  0x1C,1
                 ; 0000 003E     while (GET_BIT(EECR,EEWE) == 1);
                 _0x4:
00006e b3ec      	IN   R30,0x1C
00006f e0f0      	LDI  R31,0
000070 95f5      	ASR  R31
000071 95e7      	ROR  R30
000072 70e1      	ANDI R30,LOW(0x1)
000073 30e1      	CPI  R30,LOW(0x1)
000074 f3c9      	BREQ _0x4
                 ; 0000 003F }
000075 9623      	ADIW R28,3
000076 9508      	RET
                 ; .FEND
                 ;
                 ;char EEPROM_READ ( short address){
                 ; 0000 0041 char EEPROM_READ ( short address){
                 _EEPROM_READ:
                 ; .FSTART _EEPROM_READ
                 ; 0000 0042     EEARL = (char) address;
000077 93ba      	ST   -Y,R27
000078 93aa      	ST   -Y,R26
                 ;	address -> Y+0
000079 81e8      	LD   R30,Y
00007a bbee      	OUT  0x1E,R30
                 ; 0000 0043     EEARH = (char) address >> 8;
00007b 81a8      	LD   R26,Y
00007c e0e8      	LDI  R30,LOW(8)
00007d 940e 0178 	CALL __LSRB12
00007f bbef      	OUT  0x1F,R30
                 ; 0000 0044     SET_BIT(EECR,EERE);
000080 9ae0      	SBI  0x1C,0
                 ; 0000 0045     return EEDR;
000081 b3ed      	IN   R30,0x1D
000082 9622      	ADIW R28,2
000083 9508      	RET
                 ; 0000 0046 }
                 ; .FEND
                 ;
                 ;
                 ;void main(void)
                 ; 0000 004A {
                 _main:
                 ; .FSTART _main
                 ; 0000 004B 
                 ; 0000 004C DDRB    = 0xff ;
000084 efef      	LDI  R30,LOW(255)
000085 bbe7      	OUT  0x17,R30
                 ; 0000 004D PORTB   = 0x00 ;
000086 e0e0      	LDI  R30,LOW(0)
000087 bbe8      	OUT  0x18,R30
                 ; 0000 004E 
                 ; 0000 004F DDRA    = 0xf0 ;
000088 efe0      	LDI  R30,LOW(240)
000089 bbea      	OUT  0x1A,R30
                 ; 0000 0050 PORTA   = 0x00 ;
00008a e0e0      	LDI  R30,LOW(0)
00008b bbeb      	OUT  0x1B,R30
                 ; 0000 0051 PORTA.0 = 1    ;
00008c 9ad8      	SBI  0x1B,0
                 ; 0000 0052 PORTA.1 = 1    ;
00008d 9ad9      	SBI  0x1B,1
                 ; 0000 0053 PORTA.2 = 1    ;
00008e 9ada      	SBI  0x1B,2
                 ; 0000 0054 
                 ; 0000 0055 if( EEPROM_READ(80) != 0xff ){
00008f e5a0      	LDI  R26,LOW(80)
000090 e0b0      	LDI  R27,0
000091 dfe5      	RCALL _EEPROM_READ
000092 3fef      	CPI  R30,LOW(0xFF)
000093 f0b9      	BREQ _0xD
                 ; 0000 0056     password_count = EEPROM_READ(80);
000094 e5a0      	LDI  R26,LOW(80)
000095 e0b0      	LDI  R27,0
000096 dfe0      	RCALL _EEPROM_READ
000097 2e4e      	MOV  R4,R30
                 ; 0000 0057     delay_ms(100);
000098 d09b      	RCALL SUBOPT_0x0
                 ; 0000 0058 
                 ; 0000 0059 for(i= 0 ; i< password_count  ;i++){
000099 2499      	CLR  R9
                 _0xF:
00009a 1494      	CP   R9,R4
00009b f478      	BRSH _0x10
                 ; 0000 005A     if( EEPROM_READ(i + i  * 8 ) != 0xff ){
00009c d09b      	RCALL SUBOPT_0x1
00009d 3fef      	CPI  R30,LOW(0xFF)
00009e f051      	BREQ _0x11
                 ; 0000 005B     password [i] =   EEPROM_READ(i + i  * 8 );
00009f d0a2      	RCALL SUBOPT_0x2
0000a0 93ff      	PUSH R31
0000a1 93ef      	PUSH R30
0000a2 d095      	RCALL SUBOPT_0x1
0000a3 91af      	POP  R26
0000a4 91bf      	POP  R27
0000a5 93ec      	ST   X,R30
                 ; 0000 005C     entered  [i] = 0;
0000a6 2de9      	MOV  R30,R9
0000a7 d09f      	RCALL SUBOPT_0x3
                 ; 0000 005D     delay_ms(100);
0000a8 d08b      	RCALL SUBOPT_0x0
                 ; 0000 005E     }
                 ; 0000 005F   }
                 _0x11:
0000a9 9493      	INC  R9
0000aa cfef      	RJMP _0xF
                 _0x10:
                 ; 0000 0060 }
                 ; 0000 0061 
                 ; 0000 0062 while (1)
                 _0xD:
                 _0x12:
                 ; 0000 0063       {
                 ; 0000 0064       if(counter1 == password_count){
0000ab 1445      	CP   R4,R5
0000ac f581      	BRNE _0x15
                 ; 0000 0065               if (password_count == 0){
0000ad 2044      	TST  R4
0000ae f479      	BRNE _0x16
                 ; 0000 0066                     password_count = 6;
0000af e0e6      	LDI  R30,LOW(6)
0000b0 2e4e      	MOV  R4,R30
                 ; 0000 0067                     EEPRom_Write( 80  , password_count );
0000b1 d09b      	RCALL SUBOPT_0x4
                 ; 0000 0068                     for(i=0;i<password_count;i++){
0000b2 2499      	CLR  R9
                 _0x18:
0000b3 1494      	CP   R9,R4
0000b4 f448      	BRSH _0x19
                 ; 0000 0069                     EEPRom_Write( i + i  * 8  , password[i] );
0000b5 d09d      	RCALL SUBOPT_0x5
0000b6 81a0      	LD   R26,Z
0000b7 dfaa      	RCALL _EEPRom_Write
                 ; 0000 006A                     password [i]  = 1;
0000b8 d089      	RCALL SUBOPT_0x2
0000b9 e0a1      	LDI  R26,LOW(1)
0000ba 83a0      	STD  Z+0,R26
                 ; 0000 006B                     delay_ms(100);
0000bb d078      	RCALL SUBOPT_0x0
                 ; 0000 006C                     }
0000bc 9493      	INC  R9
0000bd cff5      	RJMP _0x18
                 _0x19:
                 ; 0000 006D               }
                 ; 0000 006E               while(temp<password_count){
                 _0x16:
                 _0x1A:
0000be 1464      	CP   R6,R4
0000bf f458      	BRSH _0x1C
                 ; 0000 006F                    if(entered[temp] ==  password[temp]){
0000c0 d09d      	RCALL SUBOPT_0x6
0000c1 f419      	BRNE _0x1D
                 ; 0000 0070                       test =1;
0000c2 e0e1      	LDI  R30,LOW(1)
0000c3 2e7e      	MOV  R7,R30
                 ; 0000 0071                      }
                 ; 0000 0072                    else if ( entered[temp] !=  password[temp]){
0000c4 c004      	RJMP _0x1E
                 _0x1D:
0000c5 d098      	RCALL SUBOPT_0x6
0000c6 f011      	BREQ _0x1F
                 ; 0000 0073                       test =0;
0000c7 2477      	CLR  R7
                 ; 0000 0074                       break;
0000c8 c002      	RJMP _0x1C
                 ; 0000 0075                     }
                 ; 0000 0076                    temp++;
                 _0x1F:
                 _0x1E:
0000c9 9463      	INC  R6
                 ; 0000 0077                   }
0000ca cff3      	RJMP _0x1A
                 _0x1C:
                 ; 0000 0078               temp=0;
0000cb 2466      	CLR  R6
                 ; 0000 0079               if( test == 1 ){
0000cc e0e1      	LDI  R30,LOW(1)
0000cd 15e7      	CP   R30,R7
0000ce f429      	BRNE _0x20
                 ; 0000 007A                     LED_GREEN = ON;
0000cf 9ac0      	SBI  0x18,0
                 ; 0000 007B                     delay_ms(200);
0000d0 d099      	RCALL SUBOPT_0x7
                 ; 0000 007C                     LED_GREEN = OFF;
0000d1 98c0      	CBI  0x18,0
                 ; 0000 007D                     counter1=0;
0000d2 2455      	CLR  R5
                 ; 0000 007E                     }
                 ; 0000 007F               else if (test == 0){
0000d3 c008      	RJMP _0x25
                 _0x20:
0000d4 2077      	TST  R7
0000d5 f431      	BRNE _0x26
                 ; 0000 0080                     LED_RED = ON;
0000d6 9ac1      	SBI  0x18,1
                 ; 0000 0081                     delay_ms(200);
0000d7 d092      	RCALL SUBOPT_0x7
                 ; 0000 0082                     LED_RED = OFF;
0000d8 98c1      	CBI  0x18,1
                 ; 0000 0083                     counter1=0;
0000d9 2455      	CLR  R5
                 ; 0000 0084                     test = 1;
0000da e0e1      	LDI  R30,LOW(1)
0000db 2e7e      	MOV  R7,R30
                 ; 0000 0085                     }
                 ; 0000 0086                 }
                 _0x26:
                 _0x25:
                 ; 0000 0087       else if( BUTTON1 == 1){
0000dc c055      	RJMP _0x2B
                 _0x15:
0000dd 9bc8      	SBIS 0x19,0
0000de c009      	RJMP _0x2C
                 ; 0000 0088         delay_ms(200);
0000df d08a      	RCALL SUBOPT_0x7
                 ; 0000 0089         entered[counter1] = 1;
0000e0 2de5      	MOV  R30,R5
0000e1 e0f0      	LDI  R31,0
0000e2 59ea      	SUBI R30,LOW(-_entered)
0000e3 4ffd      	SBCI R31,HIGH(-_entered)
0000e4 e0a1      	LDI  R26,LOW(1)
0000e5 83a0      	STD  Z+0,R26
                 ; 0000 008A         counter1++;
0000e6 9453      	INC  R5
                 ; 0000 008B         }
                 ; 0000 008C       else if( BUTTON2 == 1){
0000e7 c04a      	RJMP _0x2D
                 _0x2C:
0000e8 9bc9      	SBIS 0x19,1
0000e9 c005      	RJMP _0x2E
                 ; 0000 008D         delay_ms(200);
0000ea d07f      	RCALL SUBOPT_0x7
                 ; 0000 008E        entered[counter1] = 0;
0000eb 2de5      	MOV  R30,R5
0000ec d05a      	RCALL SUBOPT_0x3
                 ; 0000 008F         counter1++;
0000ed 9453      	INC  R5
                 ; 0000 0090         }
                 ; 0000 0091 
                 ; 0000 0092       else if( BUTTON3 == 1){
0000ee c043      	RJMP _0x2F
                 _0x2E:
0000ef 9bca      	SBIS 0x19,2
0000f0 c03f      	RJMP _0x30
                 ; 0000 0093             password_count=0;
0000f1 2444      	CLR  R4
                 ; 0000 0094             LED_GREEN= ON;
0000f2 9ac0      	SBI  0x18,0
                 ; 0000 0095             LED_RED  = ON;
0000f3 9ac1      	SBI  0x18,1
                 ; 0000 0096             while (BUTTON3 == 1){
                 _0x35:
0000f4 9bca      	SBIS 0x19,2
0000f5 c01f      	RJMP _0x37
                 ; 0000 0097                    if( BUTTON1 == 1){
0000f6 9bc8      	SBIS 0x19,0
0000f7 c009      	RJMP _0x38
                 ; 0000 0098                         LED_RED   = OFF;
0000f8 98c1      	CBI  0x18,1
                 ; 0000 0099                         delay_ms(200);
0000f9 d070      	RCALL SUBOPT_0x7
                 ; 0000 009A                         LED_RED   = ON;
0000fa 9ac1      	SBI  0x18,1
                 ; 0000 009B                         password [password_count] = 1 ;
0000fb 2de4      	MOV  R30,R4
0000fc e0f0      	LDI  R31,0
0000fd 5ae0      	SUBI R30,LOW(-_password)
0000fe 4ffd      	SBCI R31,HIGH(-_password)
0000ff e0a1      	LDI  R26,LOW(1)
000100 c00a      	RJMP _0x5E
                 ; 0000 009C                         entered  [password_count] = 0 ;
                 ; 0000 009D                         password_count++;
                 ; 0000 009E                         }
                 ; 0000 009F                    else if( BUTTON2 == 1){
                 _0x38:
000101 9bc9      	SBIS 0x19,1
000102 c00c      	RJMP _0x3E
                 ; 0000 00A0                         LED_RED   = OFF;
000103 98c1      	CBI  0x18,1
                 ; 0000 00A1                         delay_ms(200);
000104 d065      	RCALL SUBOPT_0x7
                 ; 0000 00A2                         LED_RED   = ON;
000105 9ac1      	SBI  0x18,1
                 ; 0000 00A3                         password [password_count] = 0 ;
000106 2de4      	MOV  R30,R4
000107 e0f0      	LDI  R31,0
000108 5ae0      	SUBI R30,LOW(-_password)
000109 4ffd      	SBCI R31,HIGH(-_password)
00010a e0a0      	LDI  R26,LOW(0)
                 _0x5E:
00010b 83a0      	STD  Z+0,R26
                 ; 0000 00A4                         entered  [password_count] = 0 ;
00010c 2de4      	MOV  R30,R4
00010d d039      	RCALL SUBOPT_0x3
                 ; 0000 00A5                         password_count++;
00010e 9443      	INC  R4
                 ; 0000 00A6                         }
                 ; 0000 00A7                    if(BUTTON3 == 0){
                 _0x3E:
00010f 99ca      	SBIC 0x19,2
000110 c003      	RJMP _0x43
                 ; 0000 00A8                    delay_ms(200);
000111 d058      	RCALL SUBOPT_0x7
                 ; 0000 00A9                     if(BUTTON3 == 0){
000112 9bca      	SBIS 0x19,2
                 ; 0000 00AA                         break;}
000113 c001      	RJMP _0x37
                 ; 0000 00AB                    }
                 ; 0000 00AC             }
                 _0x43:
000114 cfdf      	RJMP _0x35
                 _0x37:
                 ; 0000 00AD             EEPRom_Write( 80 , password_count );
000115 d037      	RCALL SUBOPT_0x4
                 ; 0000 00AE             LED_GREEN= OFF;
000116 98c0      	CBI  0x18,0
                 ; 0000 00AF             delay_ms(150);
000117 e9a6      	LDI  R26,LOW(150)
000118 e0b0      	LDI  R27,0
000119 940e 016e 	CALL _delay_ms
                 ; 0000 00B0             LED_GREEN= ON;
00011b 9ac0      	SBI  0x18,0
                 ; 0000 00B1             for(i=0 ; i < password_count ; i++){
00011c 2499      	CLR  R9
                 _0x4A:
00011d 1494      	CP   R9,R4
00011e f468      	BRSH _0x4B
                 ; 0000 00B2                 EEPRom_Write( i + i  * 8  , password[i] );
00011f d033      	RCALL SUBOPT_0x5
000120 81a0      	LD   R26,Z
000121 df40      	RCALL _EEPRom_Write
                 ; 0000 00B3                 LED_GREEN= OFF;
000122 98c0      	CBI  0x18,0
                 ; 0000 00B4                 LED_RED  = OFF;
000123 98c1      	CBI  0x18,1
                 ; 0000 00B5                 delay_ms(150);
000124 e9a6      	LDI  R26,LOW(150)
000125 e0b0      	LDI  R27,0
000126 940e 016e 	CALL _delay_ms
                 ; 0000 00B6                 LED_GREEN= ON;
000128 9ac0      	SBI  0x18,0
                 ; 0000 00B7                 LED_RED  = ON;
000129 9ac1      	SBI  0x18,1
                 ; 0000 00B8             }
00012a 9493      	INC  R9
00012b cff1      	RJMP _0x4A
                 _0x4B:
                 ; 0000 00B9             counter1=0;
00012c 2455      	CLR  R5
                 ; 0000 00BA             LED_RED   = OFF;
00012d 98c1      	CBI  0x18,1
                 ; 0000 00BB             LED_GREEN= OFF;
00012e 98c0      	CBI  0x18,0
                 ; 0000 00BC 
                 ; 0000 00BD         }
                 ; 0000 00BE       else{
00012f c002      	RJMP _0x58
                 _0x30:
                 ; 0000 00BF         LED_GREEN = OFF;
000130 98c0      	CBI  0x18,0
                 ; 0000 00C0         LED_RED   = OFF;
000131 98c1      	CBI  0x18,1
                 ; 0000 00C1         }
                 _0x58:
                 _0x2F:
                 _0x2D:
                 _0x2B:
                 ; 0000 00C2 
                 ; 0000 00C3       }
000132 cf78      	RJMP _0x12
                 ; 0000 00C4 }
                 _0x5D:
000133 cfff      	RJMP _0x5D
                 ; .FEND
                 
                 	.DSEG
                 _password:
000260           	.BYTE 0x6
                 _entered:
000266           	.BYTE 0x6
                 
                 	.CSEG
                 ;OPTIMIZER ADDED SUBROUTINE, CALLED 3 TIMES, CODE SIZE REDUCTION:1 WORDS
                 SUBOPT_0x0:
000134 e6a4      	LDI  R26,LOW(100)
000135 e0b0      	LDI  R27,0
000136 940c 016e 	JMP  _delay_ms
                 
                 ;OPTIMIZER ADDED SUBROUTINE, CALLED 2 TIMES, CODE SIZE REDUCTION:6 WORDS
                 SUBOPT_0x1:
000138 2d69      	MOV  R22,R9
000139 2777      	CLR  R23
00013a 2da9      	MOV  R26,R9
00013b e0e8      	LDI  R30,LOW(8)
00013c 9fea      	MUL  R30,R26
00013d 01f0      	MOVW R30,R0
00013e 01db      	MOVW R26,R22
00013f 0fae      	ADD  R26,R30
000140 1fbf      	ADC  R27,R31
000141 cf35      	RJMP _EEPROM_READ
                 
                 ;OPTIMIZER ADDED SUBROUTINE, CALLED 4 TIMES, CODE SIZE REDUCTION:3 WORDS
                 SUBOPT_0x2:
000142 2de9      	MOV  R30,R9
000143 e0f0      	LDI  R31,0
000144 5ae0      	SUBI R30,LOW(-_password)
000145 4ffd      	SBCI R31,HIGH(-_password)
000146 9508      	RET
                 
                 ;OPTIMIZER ADDED SUBROUTINE, CALLED 3 TIMES, CODE SIZE REDUCTION:3 WORDS
                 SUBOPT_0x3:
000147 e0f0      	LDI  R31,0
000148 59ea      	SUBI R30,LOW(-_entered)
000149 4ffd      	SBCI R31,HIGH(-_entered)
00014a e0a0      	LDI  R26,LOW(0)
00014b 83a0      	STD  Z+0,R26
00014c 9508      	RET
                 
                 ;OPTIMIZER ADDED SUBROUTINE, CALLED 2 TIMES, CODE SIZE REDUCTION:2 WORDS
                 SUBOPT_0x4:
00014d e5e0      	LDI  R30,LOW(80)
00014e e0f0      	LDI  R31,HIGH(80)
00014f 93fa      	ST   -Y,R31
000150 93ea      	ST   -Y,R30
000151 2da4      	MOV  R26,R4
000152 cf0f      	RJMP _EEPRom_Write
                 
                 ;OPTIMIZER ADDED SUBROUTINE, CALLED 2 TIMES, CODE SIZE REDUCTION:7 WORDS
                 SUBOPT_0x5:
000153 2d69      	MOV  R22,R9
000154 2777      	CLR  R23
000155 2da9      	MOV  R26,R9
000156 e0e8      	LDI  R30,LOW(8)
000157 9fea      	MUL  R30,R26
000158 01f0      	MOVW R30,R0
000159 0fe6      	ADD  R30,R22
00015a 1ff7      	ADC  R31,R23
00015b 93fa      	ST   -Y,R31
00015c 93ea      	ST   -Y,R30
00015d cfe4      	RJMP SUBOPT_0x2
                 
                 ;OPTIMIZER ADDED SUBROUTINE, CALLED 2 TIMES, CODE SIZE REDUCTION:6 WORDS
                 SUBOPT_0x6:
00015e 2de6      	MOV  R30,R6
00015f e0f0      	LDI  R31,0
000160 59ea      	SUBI R30,LOW(-_entered)
000161 4ffd      	SBCI R31,HIGH(-_entered)
000162 81a0      	LD   R26,Z
000163 2de6      	MOV  R30,R6
000164 e0f0      	LDI  R31,0
000165 5ae0      	SUBI R30,LOW(-_password)
000166 4ffd      	SBCI R31,HIGH(-_password)
000167 81e0      	LD   R30,Z
000168 17ea      	CP   R30,R26
000169 9508      	RET
                 
                 ;OPTIMIZER ADDED SUBROUTINE, CALLED 7 TIMES, CODE SIZE REDUCTION:9 WORDS
                 SUBOPT_0x7:
00016a eca8      	LDI  R26,LOW(200)
00016b e0b0      	LDI  R27,0
00016c 940c 016e 	JMP  _delay_ms
                 
                 
                 	.CSEG
                 _delay_ms:
00016e 9610      	adiw r26,0
00016f f039      	breq __delay_ms1
                 __delay_ms0:
000170 95a8      	wdr
                +
000171 ec8d     +LDI R24 , LOW ( 0xACD )
000172 e09a     +LDI R25 , HIGH ( 0xACD )
                +__DELAY_USW_LOOP :
000173 9701     +SBIW R24 , 1
000174 f7f1     +BRNE __DELAY_USW_LOOP
                 	__DELAY_USW 0xACD
000175 9711      	sbiw r26,1
000176 f7c9      	brne __delay_ms0
                 __delay_ms1:
000177 9508      	ret
                 
                 __LSRB12:
000178 23ee      	TST  R30
000179 2e0e      	MOV  R0,R30
00017a 2fea      	MOV  R30,R26
00017b f019      	BREQ __LSRB12R
                 __LSRB12L:
00017c 95e6      	LSR  R30
00017d 940a      	DEC  R0
00017e f7e9      	BRNE __LSRB12L
                 __LSRB12R:
00017f 9508      	RET
                 
                 ;END OF CODE MARKER
                 __END_OF_CODE:


RESOURCE USE INFORMATION
------------------------

Notice:
The register and instruction counts are symbol table hit counts,
and hence implicitly used resources are not counted, eg, the
'lpm' instruction without operands implicitly uses r0 and z,
none of which are counted.

x,y,z are separate entities in the symbol table and are
counted separately from r26..r31 here.

.dseg memory usage only counts static data declared with .byte

ATmega32A register use summary:
r0 :   8 r1 :   1 r2 :   0 r3 :   0 r4 :  14 r5 :   8 r6 :   5 r7 :   5 
r8 :   0 r9 :  15 r10:   0 r11:   0 r12:   0 r13:   0 r14:   0 r15:   0 
r16:   0 r17:   0 r18:   0 r19:   0 r20:   0 r21:   0 r22:   6 r23:   3 
r24:   9 r25:   3 r26:  37 r27:  11 r28:   3 r29:   1 r30:  82 r31:  25 
x  :   4 y  :  12 z  :  15 
Registers used: 20 out of 35 (57.1%)

ATmega32A instruction use summary:
.lds  :   0 .lds.l:   0 .sts  :   0 .sts.l:   0 adc   :   2 add   :   2 
adiw  :   3 and   :   0 andi  :   1 asr   :   1 bclr  :   0 bld   :   0 
brbc  :   0 brbs  :   0 brcc  :   0 brcs  :   0 break :   0 breq  :   7 
brge  :   0 brhc  :   0 brhs  :   0 brid  :   0 brie  :   0 brlo  :   0 
brlt  :   0 brmi  :   0 brne  :  11 brpl  :   0 brsh  :   4 brtc  :   0 
brts  :   0 brvc  :   0 brvs  :   0 bset  :   0 bst   :   0 call  :   4 
cbi   :  11 cbr   :   0 clc   :   0 clh   :   0 cli   :   1 cln   :   0 
clr   :  13 cls   :   0 clt   :   0 clv   :   0 clz   :   0 com   :   0 
cp    :   7 cpc   :   0 cpi   :   3 cpse  :   0 dec   :   2 des   :   0 
eor   :   0 fmul  :   0 fmuls :   0 fmulsu:   0 icall :   0 ijmp  :   0 
in    :   2 inc   :   7 jmp   :  24 ld    :   7 ldd   :   2 ldi   :  53 
lds   :   0 lpm   :   7 lsl   :   0 lsr   :   1 mov   :  20 movw  :   6 
mul   :   2 muls  :   0 mulsu :   0 neg   :   0 nop   :   0 or    :   0 
ori   :   0 out   :  14 pop   :   2 push  :   2 rcall :  27 ret   :   7 
reti  :   0 rjmp  :  27 rol   :   0 ror   :   1 sbc   :   0 sbci  :   7 
sbi   :  15 sbic  :   1 sbis  :   7 sbiw  :   5 sbr   :   0 sbrc  :   0 
sbrs  :   0 sec   :   0 seh   :   0 sei   :   0 sen   :   0 ser   :   0 
ses   :   0 set   :   0 sev   :   0 sez   :   0 sleep :   0 spm   :   0 
st    :  11 std   :   4 sts   :   0 sub   :   0 subi  :   7 swap  :   0 
tst   :   3 wdr   :   1 
Instructions used: 43 out of 116 (37.1%)

ATmega32A memory use summary [bytes]:
Segment   Begin    End      Code   Data   Used    Size   Use%
---------------------------------------------------------------
[.cseg] 0x000000 0x000300    744     24    768   32768   2.3%
[.dseg] 0x000060 0x00026c      0     12     12    2048   0.6%
[.eseg] 0x000000 0x000000      0      0      0    1024   0.0%

Assembly complete, 0 errors, 6 warnings
