RAM Allocation [bytes]
Variable                                                                          Address   Size
------------------------------------------------------------------------------------------------
password                                                                          0x0260       6
entered                                                                           0x0266       6

EEPROM Allocation [bytes]
Variable                                                                          Address   Size
------------------------------------------------------------------------------------------------

Register Allocation
Variable                                                                          Register  Size
------------------------------------------------------------------------------------------------
counter1                                                                          R5           1
password_count                                                                    R4           1
test                                                                              R7           1
temp                                                                              R6           1
timer1                                                                            R9           1

FLASH Allocation [words]
Function                                                                          Address   Size
------------------------------------------------------------------------------------------------
main                                                                              0x00063    133
